                                                                      PAGE   1
                                                                      15 Sep 05
                                                                      12:46:22
Offset  Data    Source Line      Microsoft (R) QuickBASIC Compiler Version 4.50

 0030   0006    1                REM  TITLE : BARCODE PRINTER PROGRAM - CODE 3 
                OF 9
 0030   0006    2                REM AUTHOR : Er. K. N. ANTONY B.Sc., B.Tech., 
                ( 41301 )
 0030   0006    3                REM E-MAIL : dollyneethi@vsnl.net     
 0030   0006    4        CLS
 0030   0006    5                DIM C$(44), P$(44), G%(1000)
 0039   0940    6        FOR I = 0 TO 43
 0042   0940    7                READ C$(I), x$
 0042   0940    8                C% = VAL("&H" + x$)
 006B   0948    9                FOR N% = 9 TO 0 STEP -1
 0092   094A    10                        P$(I) = RIGHT$(STR$(C% MOD 2), 1) + P
                $(I)
 0092   094A    11                        C% = C% \ 2
 00DD   094A    12                NEXT N%
 00F4   094C    13       NEXT I
 011B   094C    14              DEF SEG = &H40
 011B   094C    15             K% = PEEK(&H17)
 0124   094C    16            POKE &H17, (K% OR &H40)
 0145   094E    17   LOCATE 12, 20
 0145   094E    18  PRINT "Valid Characters are 0-9,A-Z,.,-,+,/,$,% and SPACE"
 015E   094E    19 LOCATE 13, 20
 0167   094E    20 PRINT "To Add Check Digit Enter the Data Starting with -$"
 0180   094E    21        LOCATE 14, 20
 0189   094E    22        INPUT "Enter the String: "; U$
 01C7   0952    23 IF LEN(U$) >= 30 THEN PRINT "Enter String with < 30 Characte
                rs": END
 01EB   0952    29      FOR I = 1 TO LEN(U$)
 0208   0956    30            FOR J = 0 TO 43
 0210   0956    31        IF C$(J) = MID$(U$, I, 1) THEN F$ = F$ + P$(J): S = S
                 + J
 027D   0962    32                      NEXT J
 02A4   0962    33            NEXT I
 02CB   0962    34       Y = (S - 75) MOD 43
 02CB   0962    35 IF INSTR(U$, "-$") = 1 THEN U$ = U$ + C$(Y): F$ = F$ + P$(Y)
 0354   0966    39                SCREEN 2
 0354   0966    40              PRINT C$(43) + U$ + C$(43)
 0362   0966    41            GET (0, 0)-(8 * (LEN(U$) + 2), 14), G%
 037F   0966    42  CLS
 03B5   0966    43        PAINT (0, 0)
 03BE   0966    44    FOR I = 1 TO LEN(F$) + 20
 03F2   096A    45        FOR J = VAL(MID$(P$(43) + F$ + P$(43), I, 1)) * 2 TO 
                0 STEP -1
 0432   096A    46              LINE (Z, 5)-(Z, 10 + LEN(U$)), I MOD 2 XOR 0
 0432   096A    47            Z = Z + 1
 0499   096E    48  NEXT J
 04D1   096E    49    NEXT I
 04F8   096E    50      PUT ((8 * (LEN(U$) + 2)) / 2, 15 + LEN(U$)), G%
 04F8   096E    51                    POKE &H17, K%
 0560   096E    52                  DEF SEG
 0560   096E    53                SLEEP
 0565   096E    54              END
 056F   096E    55 DATA 0,34,1,121,2,61,3,160,4,31,5,130,6,70,7,25,8,124,9,64
 0575   096E    56 DATA A,109,B,49,C,148,D,19,E,118,F,58,G,D,H,10C,I,4C,J,1C,K,
                                                                      PAGE   2
                                                                      15 Sep 05
                                                                      12:46:22
Offset  Data    Source Line      Microsoft (R) QuickBASIC Compiler Version 4.50

                103,L,43,M,142
 0576   096E    57 DATA N,13,O,112,P,52,Q,7,R,106,S,46,T,16,U,181,V,C1,W,1C0,X,
                91,Y,190,Z,D0
 0577   096E    58 DATA -,85,.,185," ",C4,$,A8,/,A2,+,8A,%,2A,*,94
 0578   096E    
 0578   096E    
 0578   096E    
 057D   096E    

43069 Bytes Available
41366 Bytes Free

    0 Warning Error(s)
    0 Severe  Error(s)
